// Jest Snapshot v1, https://goo.gl/fbAQLP

exports[`Page should renders correctly 1`] = `
<div
  className="page"
>
  <p>
    TODO
  </p>
</div>
`;
