// Jest Snapshot v1, https://goo.gl/fbAQLP

exports[`App should renders correctly 1`] = `
<div
  className="container"
>
  <div
    className="page"
  >
    <p>
      TODO
    </p>
  </div>
  <div
    className="form"
  >
    <form
      onSubmit={[Function]}
    >
      <div
        className="header"
      >
        <input
          checked={false}
          className="checkbox"
          onChange={[Function]}
          onClick={[Function]}
          type="checkbox"
        />
        <input
          className="input"
          onChange={[Function]}
          placeholder="Add your important task"
          type="text"
          value=""
        />
      </div>
      <button
        className="button"
        onClick={[Function]}
      >
        Add todo
      </button>
    </form>
  </div>
  <div
    className="list"
  >
    <div
      className="list_box"
    >
      <ul
        className="todo-list"
        data-rbd-droppable-context-id="0"
        data-rbd-droppable-id="todos"
      />
    </div>
    <div
      className="footer"
    >
      <div>
        <p>
          0
           items left
        </p>
      </div>
      <div>
        <button
          className="active"
          onClick={[Function]}
        >
          All
        </button>
        <button
          className="unactive"
          onClick={[Function]}
        >
          Completed
        </button>
        <button
          className="unactive"
          onClick={[Function]}
        >
          Active
        </button>
      </div>
      <div>
        <button
          className="unactive"
          onClick={[Function]}
        >
          Clear Compleated
        </button>
      </div>
    </div>
  </div>
</div>
`;
